// Jest Snapshot v1, https://goo.gl/fbAQLP

exports[`MonoIcons Icons should ensure the export names have not changed unexpectedly 1`] = `
Array [
  "monoAdd",
  "monoArchive",
  "monoArrowDown",
  "monoArrowLeftDown",
  "monoArrowLeftUp",
  "monoArrowLeft",
  "monoArrowRightDown",
  "monoArrowRightUp",
  "monoArrowRight",
  "monoArrowUp",
  "monoAttachment",
  "monoBackspace",
  "monoBan",
  "monoBarChartAlt",
  "monoBarChart",
  "monoBoard",
  "monoBold",
  "monoBook",
  "monoBookmark",
  "monoCalendar",
  "monoCall",
  "monoCamera",
  "monoCaretDown",
  "monoCaretLeft",
  "monoCaretRight",
  "monoCaretUp",
  "monoCheck",
  "monoChevronDoubleDown",
  "monoChevronDoubleLeft",
  "monoChevronDoubleRight",
  "monoChevronDoubleUp",
  "monoChevronDown",
  "monoChevronLeft",
  "monoChevronRight",
  "monoChevronUp",
  "monoCircleAdd",
  "monoCircleArrowDown",
  "monoCircleArrowLeft",
  "monoCircleArrowRight",
  "monoCircleArrowUp",
  "monoCircleCheck",
  "monoCircleError",
  "monoCircleHelp",
  "monoCircleInformation",
  "monoCircleRemove",
  "monoCircleWarning",
  "monoCircle",
  "monoClipboardCheck",
  "monoClipboardList",
  "monoClipboard",
  "monoClock",
  "monoClose",
  "monoCloudDownload",
  "monoCloudUpload",
  "monoCloud",
  "monoCloudy",
  "monoComment",
  "monoCompass",
  "monoComputer",
  "monoCopy",
  "monoCreditCard",
  "monoDatabase",
  "monoDeleteAlt",
  "monoDelete",
  "monoDocumentAdd",
  "monoDocumentCheck",
  "monoDocumentDownload",
  "monoDocumentEmpty",
  "monoDocumentRemove",
  "monoDocument",
  "monoDownload",
  "monoDrag",
  "monoDrop",
  "monoEditAlt",
  "monoEdit",
  "monoEmail",
  "monoEnter",
  "monoExpand",
  "monoExport",
  "monoExternalLink",
  "monoEyeOff",
  "monoEye",
  "monoFavorite",
  "monoFilter1",
  "monoFilterAlt",
  "monoFilter",
  "monoFlag",
  "monoFog",
  "monoFolderAdd",
  "monoFolderCheck",
  "monoFolderDownload",
  "monoFolderRemove",
  "monoFolder",
  "monoGrid",
  "monoHeart",
  "monoHome",
  "monoImage",
  "monoInbox",
  "monoItalic",
  "monoLaptop",
  "monoLayers",
  "monoLayout",
  "monoLinkAlt",
  "monoLink",
  "monoList",
  "monoLocation",
  "monoLock",
  "monoLogIn",
  "monoLogOut",
  "monoMap",
  "monoMegaphone",
  "monoMenu",
  "monoMessageAlt",
  "monoMessage",
  "monoMinimize",
  "monoMobile",
  "monoMoon",
  "monoNext",
  "monoNotificationOff",
  "monoNotification",
  "monoOptionsHorizontal",
  "monoOptionsVertical",
  "monoPause",
  "monoPen",
  "monoPercentage",
  "monoPin",
  "monoPlay",
  "monoPrevious",
  "monoPrint",
  "monoRain",
  "monoRefresh",
  "monoRemove",
  "monoReorderAlt",
  "monoReorder",
  "monoRepeat",
  "monoSave",
  "monoSearch",
  "monoSelect",
  "monoSend",
  "monoSettings",
  "monoShare",
  "monoShoppingCartAdd",
  "monoShoppingCart",
  "monoShuffle",
  "monoSnow",
  "monoSnowflake",
  "monoSort",
  "monoSpeakers",
  "monoStop",
  "monoStorm",
  "monoStrikethrough",
  "monoSun",
  "monoSunrise1",
  "monoSunrise",
  "monoSunset",
  "monoSwitch",
  "monoTable",
  "monoTablet",
  "monoTag",
  "monoTemperature",
  "monoText",
  "monoThreeRows",
  "monoTwoColumns",
  "monoTwoRows",
  "monoUnderline",
  "monoUndo",
  "monoUnlock",
  "monoUserAdd",
  "monoUserCheck",
  "monoUserRemove",
  "monoUser",
  "monoUsers",
  "monoVolumeOff",
  "monoVolumeUp",
  "monoWarning",
  "monoWebcam",
  "monoWind",
  "monoWindow",
  "monoZoomIn",
  "monoZoomOut",
]
`;
